============================================================
PRUEBA LOCAL DE FACTURATECH
============================================================

­ƒôØ Layout generado:
----------------------------------------
[FACTURA]
(ENC)
ENC_1;01;
ENC_2;FCM;
ENC_3;999;
ENC_4;2026-01-14;
ENC_5;17:51:03;
ENC_6;2026-01-14;
ENC_7;01;
ENC_9;COP;
ENC_10;10;
ENC_16;PRUEBA LOCAL;
(/ENC)
(EMI)
EMI_1;2;
EMI_2;88200963;
EMI_3;6;
EMI_6;CARLOS ARTURO MAZO MARIN;
EMI_7;MI TALLER MAZOS CAR;
EMI_10;Calle 1 #7E-72 QUINTA ORIENTAL;
EMI_11;540001;
EMI_12;Cucuta;
EMI_13;Norte de Santander;
EMI_14;54;
EMI_15;CO;
EMI_19;3184077646;
EMI_23;R-99-PN;
EMI_24;49;
(/EMI)
(ADQ)
ADQ_1;2;
ADQ_2;12345678;
ADQ_3;;
ADQ_5;13;
ADQ_6;Cliente Prueba;
...
----------------------------------------

­ƒöÉ Credenciales:
   Usuario: 88200963
   Password hash: 43b4417bba9b43073089...

­ƒôí Enviando petici├│n a: https://ws.facturatech.co/v2/demo/index.php

Ô£à RESPUESTA EXITOSA:
----------------------------------------
<?xml version="1.0" encoding="UTF-8"?><SOAP-ENV:Envelope SOAP-ENV:encodingStyle="http://schemas.xmlsoap.org/soap/encoding/" xmlns:SOAP-ENV="http://schemas.xmlsoap.org/soap/envelope/" xmlns:xsd="http://www.w3.org/2001/XMLSchema" xmlns:xsi="http://www.w3.org/2001/XMLSchema-instance" xmlns:SOAP-ENC="http://schemas.xmlsoap.org/soap/encoding/" xmlns:tns="urn:https://ws.facturatech.co/v2/demo/"><SOAP-ENV:Body><ns1:FtechAction.uploadInvoiceFileLayoutResponse xmlns:ns1="urn:FacturaTech"><return xsi:type="tns:response_ws"><code xsi:type="xsd:string">409</code><success xsi:type="xsd:string"></success><transaccionID xsi:type="xsd:string"></transaccionID><error xsi:type="xsd:string">Error estructura layout: No se ha encontrado un elemento ra├¡z.</error></return></ns1:FtechAction.uploadInvoiceFileLayoutResponse></SOAP-ENV:Body></SOAP-ENV:Envelope>
----------------------------------------
